≡ƒö╡ Test 1: CREATE Workout
Status: 201
Response: {
  message: 'Workout created successfully',
  workout: {
    userId: 'testUser123',
    title: 'Evening Pull Day',
    workoutType: 'Strength',
    goal: 'Muscle Gain',
    locationType: 'Gym',
    exerciseName: 'Pull-ups',
    sets: 3,
    reps: 10,
    duration: 50,
    notes: 'Focused on slow negatives',
    _id: '69d9a002490e2dd2587816c7',
    date: '2026-04-11T01:12:34.639Z',
    __v: 0
  }
}

≡ƒö╡ Test 2: GET All Workouts
Status: 200
Returned elements count: 3

≡ƒö╡ Test 3: GET Single Workout
Status: 200
Response title: Evening Pull Day

≡ƒö╡ Test 4: UPDATE Workout
Status: 200
Updated notes: Updated after test

≡ƒº¬ Test 6: Missing field
Status: 400
Response: { message: 'Please fill all required fields.' }

≡ƒº¬ Test 7: Wrong user ownership (Update)
Status: 403
Response: { message: 'Unauthorized: You can only edit your own workouts.' }

≡ƒº¬ Test 8: Invalid ID
Status: 400
Response: { message: 'userId is required to view this source.' }

≡ƒö╡ Test 5: DELETE Workout
Status: 400
Response: { message: 'userId is required to authenticate.' }
